amd-ucode
archlinux-keyring
autoconf
automake
base
bat
binutils
bison
bluez
bluez-utils
btop
codespell
debugedit
dprint
dunst-git
efibootmgr
eslint_d
eww-wayland
fakeroot
fd
ffmpegthumbnailer
file
findutils
firefox-developer-edition
fish
flex
fontpreview
fzf
gawk
gcc
gettext
gimgview
git
glava
go
grep
grim
groff
gst-plugin-pipewire
guvcview
gzip
hyprland
hyprpicker-git
imagemagick
inkscape
kitty
lazygit
libcanberra
libpulse
libtool
linux
linux-firmware
linux-headers
lowdown
lsd
lua-format
luacheck
luarocks
lxappearance
m4
make
man-db
markdownlint-cli
mdformat
mediainfo
mplayer
mpv
mpvpaper
mypy
neofetch
neovim
nnn-nerd
noto-fonts-cjk
noto-fonts-emoji
noto-fonts-extra
npm
nvimpager
openssh
pacman
paru
patch
pipewire
pipewire-alsa
pipewire-jack
pipewire-pulse
pkgconf
playerctl
polkit-kde-agent
prettierd
proselint
pulsemixer
python-black
python-pip
python-pylint
python-pynvim
qbittorrent
ripgrep
ruff
rustup
sd
sddm-git
sed
selene-linter
shellcheck-bin
shellharden
spotify
starship
stylelint
stylelint-config-recommended
stylua
sudo
swaylock
taplo-cli
texinfo
thefuck
tidy
tldr
trash-cli
ttf-fira-code
ttf-nerd-fonts-symbols-2048-em
unzip
usbutils
v4l2loopback-dkms
via-bin
vlc
wget
which
wireplumber
wl-clipboard
wofi
wofi-emoji-git
xcursor-simp1e-catpuccin-macchiato
zathura
zathura-pdf-mupdf
zoxide
zram-generator
zsh
actionlint
beautysh
brave-bin
dprint
dunst-git
eww-wayland
fontpreview
gimgview
hyprland
hyprpicker-git
lua-format
markdownlint-cli
mdformat
mpvpaper
nnn-nerd
nvimpager
paru
prettierd
proselint
sddm-git
shellcheck-bin
spotify
ttf-merriweather
ttf-merriweather-sans
ttf-oswald
ttf-quintessential
ttf-signika
via-bin
wofi-emoji-git
xcursor-simp1e-catpuccin-macchiato
