adobe-source-code-pro-fonts
amd-ucode
ardour
base
base-devel
bat
beautysh
blender
bluez
bluez-utils
brave-bin
btop
calc
catppuccin-gtk-theme-macchiato
codespell
darktable
dunst-git
efibootmgr
electron
eww-wayland
fd
ffmpegthumbnailer
firefox-developer-edition
fontpreview
fzf
gifsicle
gimp
git
glava
go
grim
gst-plugin-pipewire
gtk3-demos
guvcview
hyprland-bin
hyprpicker-git
imagemagick
imv
inkscape
kitty
lazygit
libcanberra
libpulse
linux
linux-firmware
linux-headers
lsd
lua-format
luacheck
luarocks
lxappearance
man-db
mediainfo
mplayer
mpv
mpvpaper-git
neovim
nordzy-cursors
nordzy-icon-theme-git
noto-fonts-cjk
noto-fonts-emoji
noto-fonts-extra
npm
nvimpager
obs-studio
openssh
ouch
paru
pipes-rs-git
pipewire
pipewire-alsa
pipewire-jack
pipewire-pulse
pistol-git
playerctl
polkit-kde-agent
prettier
pulsemixer
python-pip
python-pynvim
qbittorrent
ripgrep
rustup
sd
sddm-git
shellcheck-bin
shellharden
spotify
starship
stylelint
stylua
swaylock
tldr
trash-cli
ttf-fira-code
ttf-nerd-fonts-symbols-2048-em
unzip
usbutils
v4l2loopback-dkms
via-bin
vidir
vlc
webcord
wget
wireplumber
wl-clipboard
wofi
wofi-emoji-git
xdg-desktop-portal-hyprland-git
xplr
zathura
zathura-pdf-mupdf
zoxide
zram-generator
zsh
