adobe-source-code-pro-fonts
amd-ucode
audacity
base
base-devel
bat
bc
beautysh
blender
bluez
bluez-utils
brave-bin
btop
btrfs-progs
caddy
calc
catppuccin-gtk-theme-macchiato
codespell
discord
dunst-git
efibootmgr
electron
erdtree
eslint_d
fd
ffmpegthumbnailer
firefox-developer-edition
fontpreview
fzf
gifsicle
gimp
git
glava
go
gputest
grim
gst-plugin-pipewire
gtk-layer-shell
gtk3-demos
guvcview
hyprland
hyprpicker-git
imagemagick
imv
inkscape
kitty
lazygit
libcanberra
libpulse
libva-mesa-driver
linux
linux-firmware
linux-headers
lsd
lua-format
luacheck
luarocks
lxappearance
man-db
manim
mediainfo
microsoft-edge-dev-bin
mplayer
mpv
mpvpaper-git
ncdu
neofetch
neovim
nodejs-live-server
noto-fonts-cjk
noto-fonts-emoji
noto-fonts-extra
npm
nvimpager
nvtop
obs-studio
onetbb
openssh
ouch
pacman-contrib
pandoc-bin
paru
pipes-rs-git
pipewire
pipewire-alsa
pipewire-jack
pipewire-pulse
playerctl
polkit-kde-agent
prettier
pulsemixer
python-pip
python-pynvim
qbittorrent
ripgrep
rocm-opencl-runtime
rustup
sd
sddm-git
shellcheck-bin
shellharden
slurp
socat
solaar
spotify
spotifywm-git
starship
stylelint
stylua
swaylock
taplo-cli
texlive-bibtexextra
texlive-core
texlive-fontsextra
texlive-formatsextra
texlive-games
texlive-humanities
texlive-latexextra
texlive-music
texlive-pictures
texlive-pstricks
texlive-publishers
texlive-science
tldr
trash-cli
ttf-fira-code
ttf-hack
ttf-jetbrains-mono
ttf-nerd-fonts-symbols
ttf-nerd-fonts-symbols-common
unzip
usbutils
v4l2loopback-dkms
vial-appimage
vidir
vlc
webcord-bin
wev
wf-recorder
wget
wireplumber
wl-clipboard
wlr-brightness-git
wofi
wofi-emoji
xdg-desktop-portal-hyprland-git
xplr
yarn
zathura
zathura-pdf-mupdf
zoom
zoxide
zram-generator
zsh
