adobe-source-code-pro-fonts
alsa-utils
amd-ucode
aquamarine
audacity
base
base-devel
bat
bc
beautysh
blender
bluez
bluez-utils
brave-bin
btop
btrfs-progs
caddy
calc
calibre
catppuccin-gtk-theme-macchiato
chromium
codespell
cursor-bin
dart-sass
discord
dunst-git
efibootmgr
electron
erdtree
eslint_d
fd
ffmpegthumbnailer
firefox
firefox-developer-edition
fontpreview
fzf
geckodriver
gifsicle
gimp
git
glava
go
gputest
grim
gst-plugin-pipewire
gtk-layer-shell
gtk3-demos
guvcview
hunspell
hyprcursor
hyprgraphics
hyprland
hyprland-protocols
hyprland-qt-support
hyprland-qtutils
hyprlang
hyprpicker
hyprutils
hyprwayland-scanner
imagemagick
imv
inkscape
kitty
lazygit
libcanberra
libpulse
libreoffice-still
lightningcss-cli-bin
linux
linux-firmware
linux-headers
logiops
lsd
lsof
lua-format
lua51
luacheck
luarocks
lxappearance
man-db
mediainfo
microsoft-edge-dev-bin
microsoft-edge-stable-bin
mplayer
mpv
mpvpaper-git
ncdu
neofetch
neovim
networkmanager
networkmanager-l2tp
nodejs-live-server
nordic-bluish-accent-standard-buttons-theme
noto-fonts-cjk
noto-fonts-emoji
noto-fonts-extra
npm
nvimpager
nvtop
obs-studio
onetbb
openssh
ouch
pacman-contrib
pandoc-bin
paru
pavucontrol
pipes-rs-git
pipewire
pipewire-alsa
pipewire-jack
pipewire-pulse
playerctl
polkit-kde-agent
postgresql
prettier
pulsemixer
python-pip
python-pynvim
qbittorrent
ripgrep
rocm-opencl-runtime
rustup
rustywind-bin
sd
sddm
shellcheck-bin
shellharden
slack-desktop-wayland
slurp
socat
spotify-launcher
spotifywm-git
sqlc
sqlfluff
starship
strongswan
stylelint-config-recommended
stylua
swaylock
tableplus-bin
tailwindcss-bin
tailwindcss-language-server
taplo-cli
teams
texlive-basic
texlive-bibtexextra
texlive-binextra
texlive-fontsextra
texlive-formatsextra
texlive-games
texlive-humanities
texlive-latexextra
texlive-mathscience
texlive-music
texlive-pictures
texlive-pstricks
texlive-publishers
thunar
tldr
trash-cli
tree-sitter-cli
ttf-fira-code
ttf-hack
ttf-jetbrains-mono
ttf-nerd-fonts-symbols
ttf-nerd-fonts-symbols-common
ttfautohint-cli
unrtf
unzip
usbutils
v4l2loopback-dkms
vial-appimage
vidir
vlc
watchman-bin
webcord-bin
wev
wf-recorder
wget
wireplumber
wl-clipboard
wofi
wofi-emoji
xdg-desktop-portal-gtk
xdg-desktop-portal-hyprland
xdg-desktop-portal-wlr
xplr
yarn
yay-bin
zathura
zathura-pdf-mupdf
zoom
zoxide
zram-generator
zsh
